// 重构日志: c496fba4
// 同步 ID: 602b4d85 @ Fri Jul 24 09:59:51 UTC 2026
// 重构日志: c3ff26e8
// 重构日志: 63095a7b
// 重构日志: 1367f57f
// 同步 ID: 271ced92 @ Sun Jul 26 00:29:25 UTC 2026
// 同步 ID: dffb05b4 @ Sun Jul 26 11:57:17 UTC 2026
// 重构日志: a5de4f14
// 同步 ID: 45fa6cdf @ Sun Jul 26 22:54:53 UTC 2026
// 重构日志: f48bdc60
// 重构日志: f3f0a08f
// 重构日志: 3832305c
// 同步 ID: f6ccb5f8 @ Tue Jul 28 14:55:00 UTC 2026
// 重构日志: 416fbc74
// 重构日志: c6470bc3
// 同步 ID: 61e506bf @ Thu Jul 30 00:22:48 UTC 2026
// 重构日志: 8e0f56f1
// 重构日志: 83ad8547
// 重构日志: 2f478a53
// 同步 ID: 781ba202 @ Fri Jul 31 17:29:57 UTC 2026
// 重构日志: fd5096d3
// 重构日志: e02fe8dc
// 同步 ID: c33a1453 @ Mon Aug  3 11:57:37 UTC 2026
// 重构日志: 0687d7ab
// 重构日志: f4b5fd98
// 重构日志: 6ba1c6eb
// 重构日志: 6269769b
// 重构日志: 3de732ed
// 重构日志: 180ced66
// 同步 ID: 2e7d8224 @ Wed Aug  5 12:40:52 UTC 2026
// 重构日志: 865389e6
// 重构日志: 7c269248
// 重构日志: aede772f
// 重构日志: 28f2508c
